Command: vcs -Mupdate -full64 -sverilog -kdb -lca -debug_acc+all -debug_region+cell \
+incdir+src +incdir+tb tb/testbench.sv -pvalue+testbench.PCKG_SZ=32 -pvalue+testbench.BITS=32 \
+define+PCKG_SZ=32 -o salida_sz32 -l compile_sz32.log
                         Chronologic VCS (TM)
       Version R-2020.12-SP2_Full64 -- Fri Oct  2 18:37:27 2026

                    Copyright (c) 1991 - 2021 Synopsys, Inc.
   This software and the associated documentation are proprietary to Synopsys,
 Inc. This software may only be used in accordance with the terms and conditions
 of a written license agreement with Synopsys, Inc. All other use, reproduction,
            or distribution of this software is strictly prohibited.


Warning-[LCA_FEATURES_ENABLED] Usage warning
  LCA features enabled by '-lca' argument on the command line.  For more 
  information regarding list of LCA features please refer to Chapter "LCA 
  features" in the VCS Release Notes

Parsing design file 'tb/testbench.sv'
Parsing included file 'src/../src/Library.sv'.
Parsing included file 'src/fifo.sv'.
Back to file 'src/../src/Library.sv'.
Back to file 'tb/testbench.sv'.
Parsing included file 'tb/bus_defs.svh'.
Back to file 'tb/testbench.sv'.
Parsing included file 'tb/bus_if.sv'.
Back to file 'tb/testbench.sv'.
Parsing included file 'tb/trans_bus.sv'.
Back to file 'tb/testbench.sv'.
Parsing included file 'tb/trans_sb.sv'.
Back to file 'tb/testbench.sv'.
Parsing included file 'tb/agent.sv'.
Back to file 'tb/testbench.sv'.
Parsing included file 'tb/driver.sv'.
Back to file 'tb/testbench.sv'.
Parsing included file 'tb/monitor.sv'.
Back to file 'tb/testbench.sv'.
Parsing included file 'tb/scoreboard.sv'.
Back to file 'tb/testbench.sv'.
Parsing included file 'tb/checker.sv'.
Back to file 'tb/testbench.sv'.
Parsing included file 'tb/environment.sv'.
Back to file 'tb/testbench.sv'.
Parsing included file 'tb/test.sv'.
Back to file 'tb/testbench.sv'.
Top Level Modules:
       fifo_flops_no_full
       fifo_ltch
       fifo_ltch_no_rst
       ntrpt_cam_fifo
       mem_latch
       bs_gnrtr
       prll_rgstr
       prll_bs_gnrtr_n_rbtr_fifo
       testbench

Warning-[TMPO] Too many parameter overrides
tb/environment.sv, 15
  The extra parameter overrides will be ignored.
  Source info: trans_sb#(bits, drvrs) 
  

assign 32 testbench.PCKG_SZ (Command line)
assign 32 testbench.BITS (Command line)
TimeScale is 1 ns / 1 ps

Warning-[OSVF-NPVIUFPI] Obsolete SystemVerilog feature
tb/monitor.sv, 58
bus_if
  Non-parameterized virtual interface (tb/monitor.sv,58) is being used for 
  parameterized interface (tb/bus_if.sv,1).


Warning-[OSVF-NPVIUFPI] Obsolete SystemVerilog feature
tb/monitor.sv, 62
bus_if
  Non-parameterized virtual interface (tb/monitor.sv,62) is being used for 
  parameterized interface (tb/bus_if.sv,1).


Warning-[OSVF-NPVIUFPI] Obsolete SystemVerilog feature
tb/monitor.sv, 113
bus_if
  Non-parameterized virtual interface (tb/monitor.sv,113) is being used for 
  parameterized interface (tb/bus_if.sv,1).


Warning-[OSVF-NPVIUFPI] Obsolete SystemVerilog feature
tb/monitor.sv, 118
bus_if
  Non-parameterized virtual interface (tb/monitor.sv,118) is being used for 
  parameterized interface (tb/bus_if.sv,1).


Warning-[OSVF-NPVIUFPI] Obsolete SystemVerilog feature
tb/driver.sv, 11
bus_if
  Non-parameterized virtual interface (tb/driver.sv,11) is being used for 
  parameterized interface (tb/bus_if.sv,1).


Warning-[OSVF-NPVIUFPI] Obsolete SystemVerilog feature
tb/driver.sv, 14
bus_if
  Non-parameterized virtual interface (tb/driver.sv,14) is being used for 
  parameterized interface (tb/bus_if.sv,1).


Warning-[OSVF-NPVIUFPI] Obsolete SystemVerilog feature
tb/driver.sv, 79
bus_if
  Non-parameterized virtual interface (tb/driver.sv,79) is being used for 
  parameterized interface (tb/bus_if.sv,1).


Warning-[OSVF-NPVIUFPI] Obsolete SystemVerilog feature
tb/environment.sv, 18
bus_if
  Non-parameterized virtual interface (tb/environment.sv,18) is being used for
  parameterized interface (tb/bus_if.sv,1).


Warning-[OSVF-NPVIUFPI] Obsolete SystemVerilog feature
tb/environment.sv, 21
bus_if
  Non-parameterized virtual interface (tb/environment.sv,21) is being used for
  parameterized interface (tb/bus_if.sv,1).


Warning-[OSVF-NPVIUFPI] Obsolete SystemVerilog feature
tb/test.sv, 11
bus_if
  Non-parameterized virtual interface (tb/test.sv,11) is being used for 
  parameterized interface (tb/bus_if.sv,1).


Warning-[OSVF-NPVIUFPI] Obsolete SystemVerilog feature
tb/test.sv, 14
bus_if
  Non-parameterized virtual interface (tb/test.sv,14) is being used for 
  parameterized interface (tb/bus_if.sv,1).


Warning-[SIOB] Select index out of bounds
src/../src/Library.sv, 1072
"D_push[(bits - 1):(bits - 8)]"
  The select index is out of declared bounds : [0:0].
  In module instance : _bus_[0].ntrfs[0].prll_bus_instance 
  _bus_[0].ntrfs[1].prll_bus_instance _bus_[0].ntrfs[2].prll_bus_instance 
  _bus_[0].ntrfs[3].prll_bus_instance 
  In module : prll_bs_ntrfs.

Notice: Ports coerced to inout, use -notice for details
Starting vcs inline pass...

25 modules and 0 UDP read.
recompiling package vcs_paramclassrepository
recompiling module prll_d_reg
recompiling module prll_d_ltch_no_rst
recompiling module prll_d_ltch
recompiling module neg_edge
recompiling module fifo_flops
recompiling module fifo_flops_no_full
recompiling module fifo_ltch
recompiling module fifo_ltch_no_rst
recompiling module rst_lgc
recompiling module ntrpt_cam_fifo
recompiling module mem_latch
recompiling module parallel_serial
recompiling module serializer
recompiling module Read_st_Mchn
recompiling module Write_st_Mchn
recompiling module bs_ntrfs
recompiling module bs_gnrtr
recompiling module bs_ntrfs_n_rbtr
recompiling module bs_gnrtr_n_rbtr
recompiling module prll_rgstr
recompiling module prll_bs_ntrfs
recompiling module prll_bs_gnrtr_n_rbtr_fifo
recompiling module bus_if
recompiling module testbench
All of 25 modules done
make[2]: Entering directory '/mnt/vol_NFS_rh003/Est_Veri_II2026/LEITON_FLORES_DAVID_VeriII26/Proyecto1/VerificacionFuncionalBus/csrc' \

rm -f _cuarc*.so _csrc*.so pre_vcsobj_*.so share_vcsobj_*.so
if [ -x ../salida_sz32 ]; then chmod a-x ../salida_sz32; fi
g++  -o ../salida_sz32      -rdynamic  -Wl,-rpath='$ORIGIN'/salida_sz32.daidir -Wl,-rpath=./salida_sz32.daidir \
-Wl,-rpath=/mnt/vol_NFS_rh003/tools/vcs/R-2020.12-SP2/linux64/lib -L/mnt/vol_NFS_rh003/tools/vcs/R-2020.12-SP2/linux64/lib \
-Wl,-rpath-link=./  /usr/lib64/libnuma.so.1   objs/amcQw_d.o   _726191_archive_1.so \
SIM_l.o      rmapats_mop.o rmapats.o rmar.o rmar_nd.o  rmar_llvm_0_1.o rmar_llvm_0_0.o \
-lvirsim -lerrorinf -lsnpsmalloc -lvfs    -lvcsnew -lsimprofile -luclinative /mnt/vol_NFS_rh003/tools/vcs/R-2020.12-SP2/linux64/lib/vcs_tls.o \
-Wl,-whole-archive  -lvcsucli    -Wl,-no-whole-archive        _vcs_pli_stub_.o   \
/mnt/vol_NFS_rh003/tools/vcs/R-2020.12-SP2/linux64/lib/vcs_save_restore_new.o /mnt/vol_NFS_rh003/tools/verdi/R-2020.12-SP2/share/PLI/VCS/LINUX64/pli.a \
-ldl  -lc -lm -lpthread -ldl 
../salida_sz32 up to date
make[2]: Leaving directory '/mnt/vol_NFS_rh003/Est_Veri_II2026/LEITON_FLORES_DAVID_VeriII26/Proyecto1/VerificacionFuncionalBus/csrc' \

CPU time: 4.892 seconds to compile + 1.128 seconds to elab + .746 seconds to link
Verdi KDB elaboration done and the database successfully generated: 0 error(s), 0 warning(s)
